Archive member included because of file (symbol)

f:/program files/atmel/avr tools/avr toolchain/bin/../lib/gcc/avr/4.5.1/avr25\libgcc.a(_exit.o)
                              f:/program files/atmel/avr tools/avr toolchain/bin/../lib/gcc/avr/4.5.1/../../../../avr/lib/avr25/crttn2313.o (exit)
f:/program files/atmel/avr tools/avr toolchain/bin/../lib/gcc/avr/4.5.1/avr25\libgcc.a(_clear_bss.o)
                              gaz.o (__do_clear_bss)

Allocating common symbols
Common symbol       size              file

nSensors            0x1               gaz.o
i                   0x2               gaz.o
DS18B20SensorsValues
                    0x6               gaz.o
FLAG_DS18B20        0x2               gaz.o
gSensorIDs          0x18              gaz.o

Memory Configuration

Name             Origin             Length             Attributes
text             0x00000000         0x00002000         xr
data             0x00800060         0x0000ffa0         rw !x
eeprom           0x00810000         0x00010000         rw !x
fuse             0x00820000         0x00000400         rw !x
lock             0x00830000         0x00000400         rw !x
signature        0x00840000         0x00000400         rw !x
*default*        0x00000000         0xffffffff

Linker script and memory map

LOAD f:/program files/atmel/avr tools/avr toolchain/bin/../lib/gcc/avr/4.5.1/../../../../avr/lib/avr25/crttn2313.o
LOAD gaz.o
LOAD onewire.o
LOAD ds18x20.o
LOAD crc8.o
LOAD f:/program files/atmel/avr tools/avr toolchain/bin/../lib/gcc/avr/4.5.1/avr25\libgcc.a
LOAD f:/program files/atmel/avr tools/avr toolchain/bin/../lib/gcc/avr/4.5.1/../../../../avr/lib/avr25\libc.a
LOAD f:/program files/atmel/avr tools/avr toolchain/bin/../lib/gcc/avr/4.5.1/avr25\libgcc.a

.hash
 *(.hash)

.dynsym
 *(.dynsym)

.dynstr
 *(.dynstr)

.gnu.version
 *(.gnu.version)

.gnu.version_d
 *(.gnu.version_d)

.gnu.version_r
 *(.gnu.version_r)

.rel.init
 *(.rel.init)

.rela.init
 *(.rela.init)

.rel.text
 *(.rel.text)
 *(.rel.text.*)
 *(.rel.gnu.linkonce.t*)

.rela.text
 *(.rela.text)
 *(.rela.text.*)
 *(.rela.gnu.linkonce.t*)

.rel.fini
 *(.rel.fini)

.rela.fini
 *(.rela.fini)

.rel.rodata
 *(.rel.rodata)
 *(.rel.rodata.*)
 *(.rel.gnu.linkonce.r*)

.rela.rodata
 *(.rela.rodata)
 *(.rela.rodata.*)
 *(.rela.gnu.linkonce.r*)

.rel.data
 *(.rel.data)
 *(.rel.data.*)
 *(.rel.gnu.linkonce.d*)

.rela.data
 *(.rela.data)
 *(.rela.data.*)
 *(.rela.gnu.linkonce.d*)

.rel.ctors
 *(.rel.ctors)

.rela.ctors
 *(.rela.ctors)

.rel.dtors
 *(.rel.dtors)

.rela.dtors
 *(.rela.dtors)

.rel.got
 *(.rel.got)

.rela.got
 *(.rela.got)

.rel.bss
 *(.rel.bss)

.rela.bss
 *(.rela.bss)

.rel.plt
 *(.rel.plt)

.rela.plt
 *(.rela.plt)

.text           0x00000000      0x650
 *(.vectors)
 .vectors       0x00000000       0x26 f:/program files/atmel/avr tools/avr toolchain/bin/../lib/gcc/avr/4.5.1/../../../../avr/lib/avr25/crttn2313.o
                0x00000000                __vector_default
                0x00000000                __vectors
 *(.vectors)
 *(.progmem.gcc*)
 *(.progmem*)
                0x00000026                . = ALIGN (0x2)
                0x00000026                __trampolines_start = .
 *(.trampolines)
 .trampolines   0x00000026        0x0 linker stubs
 *(.trampolines*)
                0x00000026                __trampolines_end = .
 *(.jumptables)
 *(.jumptables*)
 *(.lowtext)
 *(.lowtext*)
                0x00000026                __ctors_start = .
 *(.ctors)
                0x00000026                __ctors_end = .
                0x00000026                __dtors_start = .
 *(.dtors)
                0x00000026                __dtors_end = .
 SORT(*)(.ctors)
 SORT(*)(.dtors)
 *(.init0)
 .init0         0x00000026        0x0 f:/program files/atmel/avr tools/avr toolchain/bin/../lib/gcc/avr/4.5.1/../../../../avr/lib/avr25/crttn2313.o
                0x00000026                __init
 *(.init0)
 *(.init1)
 *(.init1)
 *(.init2)
 .init2         0x00000026        0x8 f:/program files/atmel/avr tools/avr toolchain/bin/../lib/gcc/avr/4.5.1/../../../../avr/lib/avr25/crttn2313.o
 *(.init2)
 *(.init3)
 *(.init3)
 *(.init4)
 .init4         0x0000002e       0x10 f:/program files/atmel/avr tools/avr toolchain/bin/../lib/gcc/avr/4.5.1/avr25\libgcc.a(_clear_bss.o)
                0x0000002e                __do_clear_bss
 *(.init4)
 *(.init5)
 *(.init5)
 *(.init6)
 *(.init6)
 *(.init7)
 *(.init7)
 *(.init8)
 *(.init8)
 *(.init9)
 .init9         0x0000003e        0x4 f:/program files/atmel/avr tools/avr toolchain/bin/../lib/gcc/avr/4.5.1/../../../../avr/lib/avr25/crttn2313.o
 *(.init9)
 *(.text)
 .text          0x00000042        0x2 f:/program files/atmel/avr tools/avr toolchain/bin/../lib/gcc/avr/4.5.1/../../../../avr/lib/avr25/crttn2313.o
                0x00000042                __vector_1
                0x00000042                __vector_12
                0x00000042                __bad_interrupt
                0x00000042                __vector_6
                0x00000042                __vector_3
                0x00000042                __vector_11
                0x00000042                __vector_13
                0x00000042                __vector_17
                0x00000042                __vector_7
                0x00000042                __vector_4
                0x00000042                __vector_9
                0x00000042                __vector_2
                0x00000042                __vector_15
                0x00000042                __vector_8
                0x00000042                __vector_14
                0x00000042                __vector_10
                0x00000042                __vector_16
                0x00000042                __vector_18
 .text          0x00000044      0x2e4 gaz.o
                0x00000044                LED_ON
                0x00000048                LED_OFF
                0x0000004c                GAZ_ON
                0x00000052                GAZ_OFF
                0x00000058                search_sensors
                0x000000f2                __vector_5
                0x0000016c                main
 .text          0x00000328      0x15c onewire.o
                0x00000328                ow_input_pin_state
                0x0000032e                ow_parasite_enable
                0x00000334                ow_parasite_disable
                0x0000033a                ow_reset
                0x00000372                ow_bit_io
                0x0000039c                ow_byte_wr
                0x000003bc                ow_byte_rd
                0x000003c2                ow_rom_search
                0x00000450                ow_command
 .text          0x00000484      0x18c ds18x20.o
                0x00000484                DS18X20_meas_to_cel
                0x00000516                DS18X20_find_sensor
                0x00000548                DS18X20_start_meas
                0x00000576                DS18X20_read_meas
 .text          0x00000610       0x3c crc8.o
                0x00000610                crc8
 .text          0x0000064c        0x0 f:/program files/atmel/avr tools/avr toolchain/bin/../lib/gcc/avr/4.5.1/avr25\libgcc.a(_exit.o)
 .text          0x0000064c        0x0 f:/program files/atmel/avr tools/avr toolchain/bin/../lib/gcc/avr/4.5.1/avr25\libgcc.a(_clear_bss.o)
                0x0000064c                . = ALIGN (0x2)
 *(.text.*)
 .text.libgcc   0x0000064c        0x0 f:/program files/atmel/avr tools/avr toolchain/bin/../lib/gcc/avr/4.5.1/avr25\libgcc.a(_exit.o)
 .text.libgcc   0x0000064c        0x0 f:/program files/atmel/avr tools/avr toolchain/bin/../lib/gcc/avr/4.5.1/avr25\libgcc.a(_clear_bss.o)
                0x0000064c                . = ALIGN (0x2)
 *(.fini9)
 .fini9         0x0000064c        0x0 f:/program files/atmel/avr tools/avr toolchain/bin/../lib/gcc/avr/4.5.1/avr25\libgcc.a(_exit.o)
                0x0000064c                _exit
                0x0000064c                exit
 *(.fini9)
 *(.fini8)
 *(.fini8)
 *(.fini7)
 *(.fini7)
 *(.fini6)
 *(.fini6)
 *(.fini5)
 *(.fini5)
 *(.fini4)
 *(.fini4)
 *(.fini3)
 *(.fini3)
 *(.fini2)
 *(.fini2)
 *(.fini1)
 *(.fini1)
 *(.fini0)
 .fini0         0x0000064c        0x4 f:/program files/atmel/avr tools/avr toolchain/bin/../lib/gcc/avr/4.5.1/avr25\libgcc.a(_exit.o)
 *(.fini0)
                0x00000650                _etext = .

.data           0x00800060        0x0 load address 0x00000650
                0x00800060                PROVIDE (__data_start, .)
 *(.data)
 .data          0x00800060        0x0 f:/program files/atmel/avr tools/avr toolchain/bin/../lib/gcc/avr/4.5.1/../../../../avr/lib/avr25/crttn2313.o
 .data          0x00800060        0x0 gaz.o
 .data          0x00800060        0x0 onewire.o
 .data          0x00800060        0x0 ds18x20.o
 .data          0x00800060        0x0 crc8.o
 .data          0x00800060        0x0 f:/program files/atmel/avr tools/avr toolchain/bin/../lib/gcc/avr/4.5.1/avr25\libgcc.a(_exit.o)
 .data          0x00800060        0x0 f:/program files/atmel/avr tools/avr toolchain/bin/../lib/gcc/avr/4.5.1/avr25\libgcc.a(_clear_bss.o)
 *(.data*)
 *(.rodata)
 *(.rodata*)
 *(.gnu.linkonce.d*)
                0x00800060                . = ALIGN (0x2)
                0x00800060                _edata = .
                0x00800060                PROVIDE (__data_end, .)

.bss            0x00800060       0x28
                0x00800060                PROVIDE (__bss_start, .)
 *(.bss)
 .bss           0x00800060        0x0 f:/program files/atmel/avr tools/avr toolchain/bin/../lib/gcc/avr/4.5.1/../../../../avr/lib/avr25/crttn2313.o
 .bss           0x00800060        0x5 gaz.o
                0x00800060                TIMER_ONESEC
                0x00800061                TIMER_SEC
                0x00800062                TIMER_MINUTE
                0x00800063                TIMER_CORRECT
                0x00800064                curSensors
 .bss           0x00800065        0x0 onewire.o
 .bss           0x00800065        0x0 ds18x20.o
 .bss           0x00800065        0x0 crc8.o
 .bss           0x00800065        0x0 f:/program files/atmel/avr tools/avr toolchain/bin/../lib/gcc/avr/4.5.1/avr25\libgcc.a(_exit.o)
 .bss           0x00800065        0x0 f:/program files/atmel/avr tools/avr toolchain/bin/../lib/gcc/avr/4.5.1/avr25\libgcc.a(_clear_bss.o)
 *(.bss*)
 *(COMMON)
 COMMON         0x00800065       0x23 gaz.o
                0x00800065                nSensors
                0x00800066                i
                0x00800068                DS18B20SensorsValues
                0x0080006e                FLAG_DS18B20
                0x00800070                gSensorIDs
                0x00800088                PROVIDE (__bss_end, .)
                0x00000650                __data_load_start = LOADADDR (.data)
                0x00000650                __data_load_end = (__data_load_start + SIZEOF (.data))

.noinit         0x00800088        0x0
                0x00800088                PROVIDE (__noinit_start, .)
 *(.noinit*)
                0x00800088                PROVIDE (__noinit_end, .)
                0x00800088                _end = .
                0x00800088                PROVIDE (__heap_start, .)

.eeprom         0x00810000        0x0
 *(.eeprom*)
                0x00810000                __eeprom_end = .

.fuse
 *(.fuse)
 *(.lfuse)
 *(.hfuse)
 *(.efuse)

.lock
 *(.lock*)

.signature
 *(.signature*)

.stab           0x00000000      0x6b4
 *(.stab)
 .stab          0x00000000      0x6b4 f:/program files/atmel/avr tools/avr toolchain/bin/../lib/gcc/avr/4.5.1/../../../../avr/lib/avr25/crttn2313.o

.stabstr        0x00000000       0x85
 *(.stabstr)
 .stabstr       0x00000000       0x85 f:/program files/atmel/avr tools/avr toolchain/bin/../lib/gcc/avr/4.5.1/../../../../avr/lib/avr25/crttn2313.o

.stab.excl
 *(.stab.excl)

.stab.exclstr
 *(.stab.exclstr)

.stab.index
 *(.stab.index)

.stab.indexstr
 *(.stab.indexstr)

.comment
 *(.comment)

.debug
 *(.debug)

.line
 *(.line)

.debug_srcinfo
 *(.debug_srcinfo)

.debug_sfnames
 *(.debug_sfnames)

.debug_aranges  0x00000000       0x80
 *(.debug_aranges)
 .debug_aranges
                0x00000000       0x20 gaz.o
 .debug_aranges
                0x00000020       0x20 onewire.o
 .debug_aranges
                0x00000040       0x20 ds18x20.o
 .debug_aranges
                0x00000060       0x20 crc8.o

.debug_pubnames
                0x00000000      0x244
 *(.debug_pubnames)
 .debug_pubnames
                0x00000000      0x108 gaz.o
 .debug_pubnames
                0x00000108       0xb2 onewire.o
 .debug_pubnames
                0x000001ba       0x6f ds18x20.o
 .debug_pubnames
                0x00000229       0x1b crc8.o

.debug_info     0x00000000      0xbc0
 *(.debug_info)
 .debug_info    0x00000000      0x4a2 gaz.o
 .debug_info    0x000004a2      0x429 onewire.o
 .debug_info    0x000008cb      0x1f1 ds18x20.o
 .debug_info    0x00000abc      0x104 crc8.o
 *(.gnu.linkonce.wi.*)

.debug_abbrev   0x00000000      0x4bc
 *(.debug_abbrev)
 .debug_abbrev  0x00000000      0x1a7 gaz.o
 .debug_abbrev  0x000001a7      0x1a6 onewire.o
 .debug_abbrev  0x0000034d       0xda ds18x20.o
 .debug_abbrev  0x00000427       0x95 crc8.o

.debug_line     0x00000000      0xbc3
 *(.debug_line)
 .debug_line    0x00000000      0x42f gaz.o
 .debug_line    0x0000042f      0x411 onewire.o
 .debug_line    0x00000840      0x22a ds18x20.o
 .debug_line    0x00000a6a      0x159 crc8.o

.debug_frame    0x00000000      0x190
 *(.debug_frame)
 .debug_frame   0x00000000       0x80 gaz.o
 .debug_frame   0x00000080       0xa0 onewire.o
 .debug_frame   0x00000120       0x50 ds18x20.o
 .debug_frame   0x00000170       0x20 crc8.o

.debug_str      0x00000000      0x345
 *(.debug_str)
 .debug_str     0x00000000      0x1da gaz.o
                                0x218 (size before relaxing)
 .debug_str     0x000001da       0xa7 onewire.o
                                0x1b9 (size before relaxing)
 .debug_str     0x00000281       0x6c ds18x20.o
                                0x14c (size before relaxing)
 .debug_str     0x000002ed       0x58 crc8.o
                                0x118 (size before relaxing)

.debug_loc      0x00000000      0x63c
 *(.debug_loc)
 .debug_loc     0x00000000       0x14 gaz.o
 .debug_loc     0x00000014      0x279 onewire.o
 .debug_loc     0x0000028d      0x28f ds18x20.o
 .debug_loc     0x0000051c      0x120 crc8.o

.debug_macinfo
 *(.debug_macinfo)
OUTPUT(gaz.elf elf32-avr)
LOAD linker stubs

.debug_pubtypes
                0x00000000       0xb9
 .debug_pubtypes
                0x00000000       0x38 gaz.o
 .debug_pubtypes
                0x00000038       0x2b onewire.o
 .debug_pubtypes
                0x00000063       0x2b ds18x20.o
 .debug_pubtypes
                0x0000008e       0x2b crc8.o
